// Vitest Snapshot v1, https://vitest.dev/guide/snapshot.html

exports[`componerItinerario · cotizaciones reales > 2KVBMX v2 — 16 días con estadías encadenadas 1`] = `
[
  "── Día 1 · 2026-08-31",
  "   22:00  Transporte desde el Aeropuerto de Lima al hotel en Lima",
  "     —    Alojamiento en Lima [estadía 4n]",
  "── Día 2 · 2026-09-01",
  "     —    Alojamiento en Lima [noche 2/4]",
  "── Día 3 · 2026-09-02",
  "   04:00  Traslado Costero de Lima a Paracas",
  "     —    Expedición Marina: Islas Ballestas y El Candelabro",
  "     —    Ruta del Sol y Sabores Iqueños",
  "     —    Oasis de Huacachina: Buggies y Sandboard",
  "     —    Retorno a Lima al Atardecer",
  "     —    Alojamiento en Lima [noche 3/4]",
  "── Día 4 · 2026-09-03",
  "     —    Alojamiento en Lima [noche 4/4]",
  "── Día 5 · 2026-09-04",
  "   08:30  Transporte desde el hotel en Lima al Aeropuerto de Lima",
  "   12:10  Vuelo desde la ciudad de Lima a la ciudad de Cusco",
  "   13:35  Transporte desde el Aeropuerto de Cusco al hotel en Cusco",
  "     —    Alojamiento en Cusco [estadía 2n]",
  "── Día 6 · 2026-09-05",
  "     —    Alojamiento en Cusco [noche 2/2]",
  "── Día 7 · 2026-09-06",
  "   08:00  Traslado a la estación de Ollantaytambo",
  "   06:10  Viaje en tren desde Ollantaytambo",
  "     —    Caminata del Km 104 a Machu Picchu",
  "   16:00  Descenso en bus a Machu Picchu Pueblo",
  "     —    Cena de Recuperación en Aguas Calientes",
  "     —    Alojamiento en Machu Picchu Pueblo [estadía 1n]",
  "── Día 8 · 2026-09-07",
  "   09:00  Ascenso en bus al Santuario",
  "   10:00  Machu Picchu: Ruta de la Realeza (Circuito 3)",
  "   12:30  Descenso en bus a Machu Picchu Pueblo",
  "     —    Almuerzo Buffet en Machu Picchu",
  "     —    Alojamiento en Machu Picchu Pueblo [estadía 1n]",
  "── Día 9 · 2026-09-08",
  "   00:00  Ascenso en bus al Santuario",
  "   07:00  Machu Picchu: Montaña Huayna Picchu (Circuito 3A)",
  "   12:00  Descenso en bus a Machu Picchu Pueblo",
  "     —    Tiempo libre para almorzar",
  "   16:22  Viaje en tren de retorno a Ollantaytambo",
  "   18:10  Recepción y traslado al hotel en Cusco",
  "     —    Alojamiento en Cusco [estadía 3n]",
  "── Día 10 · 2026-09-09",
  "   13:00  Recojo e inicio de excursión (Servicio Grupal)",
  "     —    La Catedral: Encuentro e Inmersión Colonial",
  "     —    Koricancha: El Corazón Espiritual del Imperio",
  "     —    Sacsayhuamán: Arquitectura Megalítica",
  "     —    Q’enqo: Rituales y Adoración a la Tierra",
  "     —    Pucapucara y Tambomachay: Control Imperial y Purificación",
  "     —    Retorno al centro de Cusco",
  "     —    Alojamiento en Cusco [noche 2/3]",
  "── Día 11 · 2026-09-10",
  "     —    Alojamiento en Cusco [noche 3/3]",
  "── Día 12 · 2026-09-11",
  "   08:00  Recojo e inicio de excursión (Servicio Grupal)",
  "     —    Parque Arqueológico de Pisac",
  "     —    Mercado Artesanal de Pisac",
  "     —    Almuerzo Buffet en Urubamba",
  "     —    Parque Arqueológico de Ollantaytambo",
  "     —    Descanso en el Valle Sagrado",
  "     —    Alojamiento en Urubamba [estadía 1n]",
  "── Día 13 · 2026-09-12",
  "   15:00  Traslado desde el Valle Sagrado",
  "   16:00  Ascenso por Vía Ferrata (Escalada Vertical)",
  "     —    Alojamiento en Capsula Colgante del Skylodge [estadía 1n]",
  "── Día 14 · 2026-09-13",
  "   09:00  Descenso por Zipline (Circuito de Tirolesas Completo)",
  "   11:00  Retorno hacia la Ciudad de Cusco",
  "     —    Alojamiento en Cusco [estadía 2n]",
  "── Día 15 · 2026-09-14",
  "     —    Alojamiento en Cusco [noche 2/2]",
  "── Día 16 · 2026-09-15",
  "   09:00  Transporte desde el hotel en Cusco al Aeropuerto de Cusco",
]
`;

exports[`componerItinerario · cotizaciones reales > VQ2EG5 v1 — 7 días sin estadías 1`] = `
[
  "── Día 1 · 2026-10-30",
  "   08:00  Transporte desde el Aeropuerto de Lima al hotel en Lima",
  "── Día 2 · 2026-10-31",
  "   04:00  Traslado Costero de Lima a Paracas",
  "     —    Expedición Marina: Islas Ballestas y El Candelabro",
  "     —    Ruta del Sol y Sabores Iqueños",
  "     —    Oasis de Huacachina: Buggies y Sandboard",
  "     —    Retorno a Lima al Atardecer",
  "── Día 3 · 2026-11-01",
  "   08:00  Transporte desde el hotel en Lima al Aeropuerto de Lima",
  "   10:30  Vuelo desde la ciudad de Lima a la ciudad de Cusco",
  "   11:50  Transporte desde el Aeropuerto de Cusco al hotel en Cusco",
  "── Día 4 · 2026-11-02",
  "   04:20  Traslado Bimodal de Ida (Vía Ollantaytambo)",
  "   07:45  Viaje en tren desde Ollantaytambo",
  "   10:00  Ascenso en bus al Santuario",
  "   11:00  Machu Picchu: Ruta de la Realeza (Circuito 3)",
  "   14:00  Descenso en bus a Machu Picchu Pueblo",
  "   16:22  Viaje en tren de retorno a Ollantaytambo",
  "   18:20  Retorno Bimodal a Cusco (Vía Ollantaytambo)",
  "── Día 5 · 2026-11-03",
  "   04:00  Laguna de Humantay (Caminata Clásica)",
  "── Día 6 · 2026-11-04",
  "   04:00  Montaña de 7 Colores (Caminata Clásica)",
  "── Día 7 · 2026-11-05",
  "   08:00  Transporte desde el hotel en Cusco al Aeropuerto de Cusco",
]
`;

exports[`el orden del día > con orden manual, sobre datos reales: el orden del operador se respeta 1`] = `
[
  "── Día 1 · 2026-09-17",
  "   08:00  Vuelo de Cusco a Lima",
  "     —    Desayuno en el aeropuerto",
  "   10:00  Del aeropuerto a Miraflores",
  "     —    Parque Kennedy",
  "     —    El malecón y el Pacífico",
  "     —    Almuerzo en Larcomar",
  "     —    Tarde libre en Larcomar",
  "   17:00  Regreso al aeropuerto",
  "── Día 2 · 2026-09-18",
  "   00:30  Vuelo de Lima a Punta Cana",
  "   08:00  Transporte del aeropuerto al resort",
  "     —    Llegada y Registro en el Resort",
  "   12:30  Almuerzo buffet",
  "     —    Piscina y playa",
  "   18:00  Cena buffet",
  "     —    Espectáculo nocturno",
  "     —    Alojamiento en Resort en Punta Cana [estadía 4n]",
  "── Día 3 · 2026-09-19",
  "   06:00  Desayuno buffet",
  "   08:00  Día completo en Isla Saona",
  "   19:00  Cena en restaurante temático",
  "     —    Alojamiento en Resort en Punta Cana [noche 2/4]",
  "── Día 4 · 2026-09-20",
  "   07:00  Desayuno buffet",
  "     —    Actividades recreativas",
  "   12:30  Almuerzo buffet",
  "     —    Piscina y playa",
  "   18:30  Cena en restaurante temático",
  "   20:30  Del resort a Coco Bongo",
  "     —    Noche en Coco Bongo · Fiesta Blanca",
  "   23:30  Regreso de Coco Bongo al resort",
  "     —    Alojamiento en Resort en Punta Cana [noche 3/4]",
  "── Día 5 · 2026-09-21",
  "   07:00  Desayuno buffet",
  "   11:00  Olimpiadas y Roca Escaladora",
  "   12:30  Almuerzo buffet",
  "     —    Piscina y playa",
  "   18:00  Cena buffet",
  "   19:00  Noche de discoteca privada",
  "     —    Alojamiento en Resort en Punta Cana [noche 4/4]",
  "── Día 6 · 2026-09-22",
  "   07:00  Desayuno buffet",
  "     —    Check-out",
  "   12:30  Almuerzo buffet",
  "   14:00  Regreso al aeropuerto de Punta Cana",
  "   18:00  Vuelo de Punta Cana a Lima",
  "── Día 7 · 2026-09-23",
  "   06:00  Vuelo de Lima a Cusco",
]
`;
